<!-- This is a test config file for Cheshire II -->
<DBCONFIG>

<!-- The first filedef -->
<FILEDEF TYPE=MAPPED>
<!-- filetag is the "shorthand" name of the file/database -->
<FILETAG> bibfile </FILETAG>

<!-- filename is the full path name of the file -->
<FILENAME> /usr/users/ray/Work/z3950_3/config/TESTDATA/morerecs.sgml 
</FILENAME>

<!-- fileDTD is the full path name of the file's DTD -->
<FILEDTD> /usr/users/ray/Work/z3950_3/config/TESTDATA/MAPDTD.DTD </FILEDTD>

<!-- assocfil is the full path name of the file's Associator -->
<ASSOCFIL> /usr/users/ray/Work/z3950_3/config/TESTDATA/morerecs.sgml.asso
</ASSOCFIL>

<!-- history is the full path name of the file's history file -->
<HISTORY> /usr/users/ray/Work/z3950_3/config/TESTDATA/morerecs.sgml.history 
</HISTORY>

<!-- The following are the index definitions for the file -->

<INDEXES>

<!-- First index def -->
<INDEXDEF ACCESS=BTREE EXTRACT=KEYWORD NORMAL=NONE>
<INDXNAME> 
/usr/users/ray/Work/z3950_3/config/TESTDATA/dictionary.author
</INDXNAME>
<INDXTAG> author </INDXTAG>

<!-- The following INDXMAP items provide a mapping from the AUTHOR tag to -->
<!-- the appropriate Z39.50 BIB1 attribute numbers      -->
<INDXMAP> <USE> 1 </USE><POSIT> 3 </posit> <struct> 6 </struct> </INDXMAP>
<INDXMAP> <USE> 2 </USE><POSIT> 3 </posit> <struct> 6 </struct> </INDXMAP>
<INDXMAP> <USE> 3 </USE><POSIT> 3 </posit> <struct> 6 </struct> </INDXMAP>
<INDXMAP> <USE> 1002 </USE><POSIT> 3 </posit> <struct> 6 </struct> </INDXMAP>
<INDXMAP> <USE> 1003 </USE><POSIT> 3 </posit> <struct> 6 </struct> </INDXMAP>
<INDXMAP> <USE> 1004 </USE><POSIT> 3 </posit> <struct> 6 </struct> </INDXMAP>
<INDXMAP> <USE> 1005 </USE><POSIT> 3 </posit> <struct> 6 </struct> </INDXMAP>
<INDXMAP> <USE> 1006 </USE><POSIT> 3 </posit> <struct> 6 </struct> </INDXMAP>

<!-- The stoplist for this file -->
<STOPLIST> /usr/users/ray/Work/z3950_3/config/TESTDATA/authorstoplist 
</STOPLIST>

<!-- The INDXKEY area contains the specifications of tags in the doc -->
<!-- that are to be extracted and indexed for this index    -->
<INDXKEY>
<TAGSPEC>
<!-- since this is a MAPPED file the ATTR references the TAG attribute -->
<!-- and finds the matching "AUTHOR" value (if one exists)             -->
<FTAG> PART </FTAG> <S> pattern </s> <ATTR> AUTHOR </ATTR>
</TAGSPEC> 
</INDXKEY> 
</INDEXDEF>

<!-- The next index entry definition -->
<INDEXDEF ACCESS=BTREE EXTRACT=EXACTKEY NORMAL=NONE>
<INDXNAME> /usr/users/ray/Work/z3950_3/config/TESTDATA/dictionary.xauthor
</INDXNAME>
<INDXTAG> xauthor </INDXTAG>

<INDXMAP> 
<USE> 1 </USE><POSIT> 1 </posit> <struct> 1 </struct> <trunc> 1 </trunc> </INDXMAP>
<INDXMAP> 
<USE> 2 </USE><POSIT> 1 </posit> <struct> 1 </struct> <trunc> 1 </trunc> </INDXMAP>
<INDXMAP> 
<USE> 3 </USE><POSIT> 1 </posit> <struct> 1 </struct> <trunc> 1 </trunc> </INDXMAP>
<INDXMAP> 
<USE> 1002 </USE><POSIT> 1 </posit> <struct> 1 </struct> <trunc> 1 </trunc> </INDXMAP>
<INDXMAP> 
<USE> 1003 </USE><POSIT> 1 </posit> <struct> 1 </struct> <trunc> 1 </trunc> </INDXMAP>
<INDXMAP> 
<USE> 1004 </USE><POSIT> 1 </posit> <struct> 1 </struct> <trunc> 1 </trunc> </INDXMAP>
<INDXMAP> 
<USE> 1005 </USE><POSIT> 1 </posit> <struct> 1 </struct> <trunc> 1 </trunc> </INDXMAP>
<INDXMAP> 
<USE> 1006 </USE><POSIT> 1 </posit> <struct> 1 </struct> <trunc> 1 </trunc> </INDXMAP>

<STOPLIST> /usr/users/ray/Work/z3950_3/config/TESTDATA/authorstoplist </STOPLIST>
<INDXKEY>
<TAGSPEC>
<!-- Notice the use of pattern matching in the following -->
<!-- since this is a MAPPED file the ATTR references the TAG attribute -->
<!-- and finds the matching "AUTHOR" value (if one exists)             -->
<FTAG> PART </FTAG> <S> pattern </s> <ATTR> AUTHOR </ATTR>
</TAGSPEC> </INDXKEY> </INDEXDEF>

<INDEXDEF ACCESS=BTREE EXTRACT=KEYWORD NORMAL=STEM>
<INDXNAME> /usr/users/ray/Work/z3950_3/config/TESTDATA/dictionary.title </INDXNAME>
<INDXTAG> title </INDXTAG>

<INDXMAP>
<USE> 4 </USE><POSIT> 3 </posit> <struct> 6 </struct> </INDXMAP>
<INDXMAP> 
<USE> 5 </USE><POSIT> 3 </posit> <struct> 6 </struct> </INDXMAP>
<INDXMAP> 
<USE> 6 </USE><POSIT> 3 </posit> <struct> 6 </struct> </INDXMAP>

<STOPLIST> /usr/users/ray/Work/z3950_3/config/TESTDATA/titlestoplist </STOPLIST>
<INDXKEY>
<TAGSPEC>
<!-- since this is a MAPPED file the ATTR references the TAG attribute -->
<!-- and finds the matching "AUTHOR" value (if one exists)             -->
<FTAG> PART </FTAG> <S> pattern </s> <ATTR> AUTHOR </ATTR>
</TAGSPEC> </INDXKEY> </INDEXDEF>

</INDEXES> 
</FILEDEF> 
</DBCONFIG>


